[FLog::Output] All use of Roblox services must comply with Roblox's Terms of Use, Privacy Policy, Community Standards, and applicable laws. Processing of User personal information is limited to the purposes expressly permitted therein.
2026-09-29T00:04:21.232Z,0.232054,48b806c0,6,Info [FLog::NativeMain] [android_main] Create a new NativeEngine:
2026-09-29T00:04:21.232Z,0.232558,48b806c0,6,Info [FLog::DataModelBindings] onDataModelNotification: bind DataModel services...
2026-09-29T00:04:21.232Z,0.232637,48b806c0,6,Info [FLog::NativeEngine] initializing.
2026-09-29T00:04:21.232Z,0.232739,48b806c0,6,Info [FLog::NativeEngine] API version 0, Density 1.000.
2026-09-29T00:04:21.232Z,0.232821,48b806c0,6,Info [FLog::NativeDM] initialize: state:1. areFlagsLoaded:true.
2026-09-29T00:04:21.232Z,0.232848,48b806c0,6,Info [FLog::NativeDM] getFlagsFromEngine_:
2026-09-29T00:04:21.259Z,0.259974,96014e80,6,Info [FLog::JNIAppBridge] nativeAppBridgeV2Init:
2026-09-29T00:04:21.260Z,0.260231,3bfff6c0,6 [FLog::SingleSurfaceApp] initializeWithAppStarter
2026-09-29T00:04:21.260Z,0.260249,3bfff6c0,6 [FLog::SingleSurfaceApp] initializeSingleton
2026-09-29T00:04:21.262Z,0.262167,3bfff6c0,6 [FLog::Output] Evaluating deferred inferred crashes
2026-09-29T00:04:21.262Z,0.262221,3bfff6c0,6 [FLog::SingleSurfaceApp] registerForForceOTAUpdateAvailableConnection stage = 0
2026-09-29T00:04:21.264Z,0.264288,3bfff6c0,6 [FLog::DataModelPatchConfigurer] [_UniversalAppPatch] Load configs for user key: app:0
2026-09-29T00:04:21.267Z,0.267798,3bfff6c0,6 [FLog::SingleSurfaceApp] setStage: (stage:Native)
2026-09-29T00:04:21.267Z,0.267826,3bfff6c0,6,Warning [FLog::SingleSurfaceApp] instantiate controllers
2026-09-29T00:04:21.267Z,0.267946,3bfff6c0,6,Info [DFLog::RbxTransportIoLibContext] RbxTransport I/O backend chosen: sys
2026-09-29T00:04:21.268Z,0.268112,3bfff6c0,6,Info [DFLog::RbxTransportRnaExp] Initialized RtcIoRna with 1 event loop threads
2026-09-29T00:04:21.268Z,0.268328,3bfff6c0,6 [FLog::SurfaceController] SurfaceController[_:1]::SurfaceController, count: 1
2026-09-29T00:04:21.268Z,0.268370,3bfff6c0,6,Warning [FLog::SingleSurfaceApp] instantiate experience coordinator
2026-09-29T00:04:21.268Z,0.268576,3bfff6c0,6,Info [DFLog::CoordinatorMemoryPressure] Setting memory pressure threshold to none
2026-09-29T00:04:21.273Z,0.273249,96014e80,6,Info [FLog::JNIAppBridge] nativeAppBridgeStartLuaAppDM: Calling initializeLuaAppWithLoggedInUser
2026-09-29T00:04:21.273Z,0.273373,3bfff6c0,6 [FLog::SingleSurfaceApp] initializeLuaAppWithLoggedInUser: (stage:Native).
2026-09-29T00:04:21.273Z,0.273390,3bfff6c0,6 [FLog::SingleSurfaceApp] applyLocale
2026-09-29T00:04:21.274Z,0.274683,3bfff6c0,6 [FLog::DataModelPatchConfigurer] [_UniversalAppPatch] Retrieving patch
2026-09-29T00:04:21.274Z,0.274708,3bfff6c0,6,Warning [FLog::DataModelPatchConfigurer] getCachedPatch Local Patch DataModelPatchConfig : type=2, assetId=118593852151835, assetVersion=13044, maxAppVersion=737, localAssetURI=rbxasset://models/UniversalApp/UniversalApp.rbxm
2026-09-29T00:04:21.274Z,0.274718,3bfff6c0,6,Warning [FLog::DataModelPatchConfigurer] getCachedPatch: config: 118593852151835.13044
2026-09-29T00:04:21.314Z,0.314998,48b806c0,6,Info [FLog::NativeDM] bootstrapTheApp_:
2026-09-29T00:04:21.318Z,0.318455,4a16c6c0,6,Warning [FLog::Output] Hello World :DD CLI-219667
2026-09-29T00:04:21.318Z,0.318569,4a16c6c0,6,Warning [FLog::Output] Hello world, CLI-208683!
2026-09-29T00:04:21.318Z,0.318578,4a16c6c0,6,Warning [FLog::Output] Hello world, CLI-207485!
2026-09-29T00:04:21.318Z,0.318584,4a16c6c0,6,Warning [FLog::Output] Hello again, world 206748!
2026-09-29T00:04:21.318Z,0.318589,4a16c6c0,6,Warning [FLog::Output] Hello world CLI-206426!
2026-09-29T00:04:21.318Z,0.318594,4a16c6c0,6,Warning [FLog::Output] Hello world ...!
2026-09-29T00:04:21.318Z,0.318599,4a16c6c0,6,Warning [FLog::Output] Hello 198367!
2026-09-29T00:04:21.318Z,0.318605,4a16c6c0,6,Warning [FLog::Output] Hello World! **CLI-199819**
2026-09-29T00:04:21.318Z,0.318613,4a16c6c0,6,Warning [FLog::Output] Hello World! CLI-204362
2026-09-29T00:04:21.318Z,0.318618,4a16c6c0,6,Warning [FLog::Output] Hello World! from CLI-206127
2026-09-29T00:04:21.318Z,0.318657,4a16c6c0,6,Warning [FLog::Output] Hello World! CLI-210716
2026-09-29T00:04:21.318Z,0.318665,4a16c6c0,6,Warning [FLog::Output] Hello World! CLI210530
2026-09-29T00:04:21.318Z,0.318671,4a16c6c0,6,Warning [FLog::Output] Hello World CLI-212185!
2026-09-29T00:04:21.318Z,0.318677,4a16c6c0,6,Warning [FLog::Output] Hello World! From Da Greatest - CLI213795
2026-09-29T00:04:21.318Z,0.318682,4a16c6c0,6,Warning [FLog::Output] Hello World CLI-214387!
2026-09-29T00:04:21.318Z,0.318687,4a16c6c0,6,Warning [FLog::Output] Hello World CLI-214500!
2026-09-29T00:04:21.318Z,0.318693,4a16c6c0,6,Warning [FLog::Output] Hello World CLI-219851!
2026-09-29T00:04:21.318Z,0.318700,4a16c6c0,6,Warning [FLog::Output] Hello World! CLI-221983
2026-09-29T00:04:21.318Z,0.318706,4a16c6c0,6,Warning [FLog::Output] Hello World! CLI-222132
2026-09-29T00:04:21.338Z,0.338624,209fc6c0,12 [DFLog::HttpTraceError] CURLOPT_ERRORBUFFER: error adding trust anchors from file: ./exe/cacert.pem
2026-09-29T00:04:21.339Z,0.339444,1de826c0,12 [DFLog::HttpTraceError] HttpResponse(#0 0x7f964f9506b0) time:65.8ms (net:65.6ms timeInRetryQueue:0.0ms) error:12 message:HttpError: Unknown url:{ "https://ecsv2.roblox.com/timespent/pbe" } ip: external:0 numberOfTimesRetried:0
2026-09-29T00:04:21.355Z,0.355496,3bfff6c0,6,Warning [FLog::DataModelPatchConfigurer] getCachedPatch: numAttemptsRemaining: 1
2026-09-29T00:04:21.355Z,0.355623,3bfff6c0,6,Warning [FLog::DataModelPatchConfigurer] getCachedPatchFromConfig: contentId=rbxasset://models/UniversalApp/UniversalApp.rbxm
2026-09-29T00:04:21.355Z,0.355815,3bfff6c0,6,Warning [FLog::DataModelPatchConfigurer] getCachedPatch: get patch from content provider for Model
2026-09-29T00:04:21.359Z,0.359854,3bfff6c0,6 [FLog::DataModelPatchConfigurer] deserializeAndVerifyPatch with blake3
2026-09-29T00:04:21.413Z,0.413141,4a16c6c0,6 [LOGCHANNELS + 1] RBXCRASH: UnhandledException (St13runtime_error Path does not exist: "")
